Listing all uploaded files on Gemini...
- files/ejsooc92v69u (physics_curriculum.pdf): ACTIVE
- files/1a4czces65mv (physics_curriculum.pdf): ACTIVE
- files/bmycpvz0qyxf (physics_curriculum.pdf): ACTIVE
- files/b8z801u8uz73 (physics_curriculum.pdf): ACTIVE
- files/vdw2g5wyzqkc (physics_curriculum.pdf): ACTIVE
- files/exo6npxnbiwt (physics_curriculum.pdf): ACTIVE
- files/1fsm7m0a511e (physics_curriculum.pdf): ACTIVE
- files/3f5lv1pp1a9l (physics_curriculum.pdf): ACTIVE
- files/xs2mpsfsd3vc (physics_curriculum.pdf): ACTIVE
- files/iihz6c00dr9y (physics_farst.pdf): ACTIVE
- files/beb3upcf4vra (physics_curriculum.pdf): ACTIVE

Using model: gemini-2.5-flash
Testing file: files/ejsooc92v69u for company_docs/physics_curriculum.pdf
Verifying file name: files/ejsooc92v69u
Trying Method 1 (Full URI)...
Method 1 Success!
┌غµ╟غ ف╨╟ ╟ط▀╩╟╚ فµ: **╟ط▌و╥و╟┴**.

Trying Method 2 (Short URI or name)...
Method 2 Failed: 400 INVALID_ARGUMENT. {'error': {'code': 400, 'message': 'Unsupported file URI type: files/ejsooc92v69u. File URI must be a File API (e.g. https://generativelanguage.googleapis.com/files/<id>), Youtube (e.g. https://www.youtube.com/watch?v=<id>), or HTTPS (e.g. http://path/to/file).), or a valid gURI (e.g. gs://bucket/object', 'status': 'INVALID_ARGUMENT'}}
Testing file: files/m0fpmk2o0m7r for company_docs/physics_farst.pdf
Verifying file name: files/m0fpmk2o0m7r
Trying Method 1 (Full URI)...
Method 1 Failed: 403 PERMISSION_DENIED. {'error': {'code': 403, 'message': 'You do not have permission to access the File m0fpmk2o0m7r or it may not exist.', 'status': 'PERMISSION_DENIED'}}

Trying Method 2 (Short URI or name)...
Method 2 Failed: 400 INVALID_ARGUMENT. {'error': {'code': 400, 'message': 'Unsupported file URI type: files/m0fpmk2o0m7r. File URI must be a File API (e.g. https://generativelanguage.googleapis.com/files/<id>), Youtube (e.g. https://www.youtube.com/watch?v=<id>), or HTTPS (e.g. http://path/to/file).), or a valid gURI (e.g. gs://bucket/object', 'status': 'INVALID_ARGUMENT'}}
